// Jest Snapshot v1, https://goo.gl/fbAQLP

exports[`Правильно отображается NavBar 1`] = `
<div
  className="Application"
>
  <nav
    className="navbar navbar-expand-sm navbar-light bg-light"
  >
    <div
      className="container"
    >
      <a
        className="Application-Brand navbar-brand"
        href="/"
        onClick={[Function]}
      >
        Example store
      </a>
      <button
        aria-label="Toggle navigation"
        className="Application-Toggler navbar-toggler"
        onClick={[Function]}
      >
        <span
          className="navbar-toggler-icon"
        />
      </button>
      <div
        className="Application-Menu collapse navbar-collapse"
      >
        <div
          className="navbar-nav"
        >
          <a
            aria-current={null}
            className="nav-link"
            href="/catalog"
            onClick={[Function]}
          >
            Catalog
          </a>
          <a
            aria-current={null}
            className="nav-link"
            href="/delivery"
            onClick={[Function]}
          >
            Delivery
          </a>
          <a
            aria-current={null}
            className="nav-link"
            href="/contacts"
            onClick={[Function]}
          >
            Contacts
          </a>
          <a
            aria-current={null}
            className="nav-link"
            href="/cart"
            onClick={[Function]}
          >
            Cart
          </a>
        </div>
      </div>
    </div>
  </nav>
  <div
    className="container pt-4"
  >
    <div
      className="Home"
    >
      <div
        className="row"
      >
        <div
          className="col bg-secondary text-white py-4 bg-opacity-75"
        >
          <p
            className="display-3"
          >
            Welcome to Example store!
          </p>
          <p
            className="lead"
          >
            Culpa perspiciatis corporis facilis fugit similique
          </p>
          <p
            className="lead"
          >
            Cum aut ut eveniet rem cupiditate natus veritatis quia
          </p>
        </div>
      </div>
      <div
        className="row mb-4"
      >
        <div
          className="col-12 col-md-4 bg-light py-3"
        >
          <h1>
            Quickly
          </h1>
          <p
            className="lead"
          >
            Odio aut assumenda ipsam amet reprehenderit. Perspiciatis qui molestiae qui tempora quisquam
          </p>
        </div>
        <div
          className="col-12 col-md-4 bg-light py-3"
        >
          <h1>
            Qualitatively
          </h1>
          <p
            className="lead"
          >
            Ut nisi distinctio est non voluptatem. Odio aut assumenda ipsam amet reprehenderit
          </p>
        </div>
        <div
          className="col-12 col-md-4 bg-light py-3"
        >
          <h1>
            Inexpensive
          </h1>
          <p
            className="lead"
          >
            Perspiciatis qui molestiae qui tempora quisquam. Ut nisi distinctio est non voluptatem
          </p>
        </div>
      </div>
      <div
        className="row mb-4"
      >
        <div
          className="col-12py-3"
        >
          <p>
            Sed voluptatum quis voluptates laudantium incidunt laudantium. Illo non quos eos vel ipsa. Explicabo itaque est optio neque rerum provident enim qui sed. Corrupti commodi voluptatem vero soluta hic.
          </p>
          <p>
            Modi corporis consectetur aliquid sit cum tenetur enim. Sed voluptatum quis voluptates laudantium incidunt laudantium. Illo non quos eos vel ipsa. Explicabo itaque est optio neque rerum provident enim qui sed. Corrupti commodi voluptatem vero soluta hic.
          </p>
        </div>
      </div>
    </div>
  </div>
</div>
`;
